2026-05-23 17:05:28 | INFO | 旧脚本开始执行，日志文件: D:\Projects\workspace\test-practice-collection\03_ui_automation\framework\selenium_login_163music\reports\legacy_script\logs\legacy_run_20260523_170528.log
2026-05-23 17:05:33 | INFO | 打开首页成功
2026-05-23 17:05:35 | INFO | 页面状态[home] url=https://music.163.com/ title=网易云音乐
2026-05-23 17:05:36 | INFO | 截图已保存: D:\Projects\workspace\test-practice-collection\03_ui_automation\framework\selenium_login_163music\reports\legacy_script\screenshots\20260523_170528_home.png
2026-05-23 17:05:36 | INFO | 开始等待元素: click_login_link, locator=('css selector', '.m-tophead.f-pr.j-tflag a'), timeout=15s
2026-05-23 17:05:36 | INFO | 等待成功: click_login_link, count=1
2026-05-23 17:05:36 | INFO | 点击成功: click_login_link
2026-05-23 17:05:38 | INFO | 页面状态[click_login_link] url=https://music.163.com/ title=网易云音乐
2026-05-23 17:05:38 | INFO | 截图已保存: D:\Projects\workspace\test-practice-collection\03_ui_automation\framework\selenium_login_163music\reports\legacy_script\screenshots\20260523_170528_after_click_login_link.png
2026-05-23 17:05:38 | INFO | 开始等待元素: click_other_link, locator=('xpath', '//a[contains(text(), "选择其他登录模式")]'), timeout=15s
2026-05-23 17:05:38 | INFO | 等待成功: click_other_link, count=1
2026-05-23 17:05:38 | INFO | 点击成功: click_other_link
2026-05-23 17:05:40 | INFO | 页面状态[click_other_link] url=https://music.163.com/ title=网易云音乐
2026-05-23 17:05:40 | INFO | 截图已保存: D:\Projects\workspace\test-practice-collection\03_ui_automation\framework\selenium_login_163music\reports\legacy_script\screenshots\20260523_170528_after_click_other_link.png
2026-05-23 17:05:40 | INFO | 开始等待元素: click_agreement_link, locator=('xpath', '//*[@id="j-official-terms"]'), timeout=15s
2026-05-23 17:05:40 | INFO | 等待成功: click_agreement_link, count=1
2026-05-23 17:05:40 | INFO | 点击成功: click_agreement_link
2026-05-23 17:05:41 | INFO | 页面状态[click_agreement_link] url=https://music.163.com/ title=网易云音乐
2026-05-23 17:05:41 | INFO | 截图已保存: D:\Projects\workspace\test-practice-collection\03_ui_automation\framework\selenium_login_163music\reports\legacy_script\screenshots\20260523_170528_after_click_agreement_link.png
2026-05-23 17:05:41 | INFO | 开始等待元素: click_phone_link, locator=('xpath', '//div[contains(text(), "手机号登录/注册")]'), timeout=15s
2026-05-23 17:05:41 | INFO | 等待成功: click_phone_link, count=1
2026-05-23 17:05:41 | INFO | 点击成功: click_phone_link
2026-05-23 17:05:45 | INFO | 页面状态[click_phone_link] url=https://music.163.com/ title=网易云音乐
2026-05-23 17:05:45 | INFO | 截图已保存: D:\Projects\workspace\test-practice-collection\03_ui_automation\framework\selenium_login_163music\reports\legacy_script\screenshots\20260523_170528_after_click_phone_link.png
2026-05-23 17:05:45 | INFO | 开始等待元素: click_password_link, locator=('xpath', '/html/body/div[7]/div/div[2]/div/div/div[2]/div[1]/a'), timeout=15s
2026-05-23 17:05:45 | INFO | 等待成功: click_password_link, count=1
2026-05-23 17:05:45 | INFO | 点击成功: click_password_link
2026-05-23 17:05:47 | INFO | 页面状态[click_password_link] url=https://music.163.com/ title=网易云音乐
2026-05-23 17:05:47 | INFO | 截图已保存: D:\Projects\workspace\test-practice-collection\03_ui_automation\framework\selenium_login_163music\reports\legacy_script\screenshots\20260523_170528_after_click_password_link.png
2026-05-23 17:05:47 | INFO | 开始等待元素: input_phone, locator=('xpath', '/html/body/div[7]/div/div[2]/div/div/div[2]/section/div[1]/div/input'), timeout=15s
2026-05-23 17:05:47 | INFO | 等待成功: input_phone, count=1
2026-05-23 17:05:47 | INFO | 输入成功: input_phone
2026-05-23 17:05:49 | INFO | 截图已保存: D:\Projects\workspace\test-practice-collection\03_ui_automation\framework\selenium_login_163music\reports\legacy_script\screenshots\20260523_170528_after_input_phone.png
2026-05-23 17:05:49 | INFO | 开始等待元素: input_password, locator=('xpath', '/html/body/div[7]/div/div[2]/div/div/div[2]/section/div[2]/div/input'), timeout=15s
2026-05-23 17:05:49 | INFO | 等待成功: input_password, count=1
2026-05-23 17:05:49 | INFO | 输入成功: input_password
2026-05-23 17:05:50 | INFO | 截图已保存: D:\Projects\workspace\test-practice-collection\03_ui_automation\framework\selenium_login_163music\reports\legacy_script\screenshots\20260523_170528_after_input_password.png
2026-05-23 17:05:50 | INFO | 开始等待元素: click_login_button, locator=('xpath', '/html/body/div[7]/div/div[2]/div/div/div[2]/section/a/div'), timeout=15s
2026-05-23 17:05:50 | INFO | 等待成功: click_login_button, count=1
2026-05-23 17:05:50 | INFO | 点击成功: click_login_button
2026-05-23 17:05:52 | INFO | 页面状态[click_login_button] url=https://music.163.com/ title=网易云音乐
2026-05-23 17:05:52 | INFO | 截图已保存: D:\Projects\workspace\test-practice-collection\03_ui_automation\framework\selenium_login_163music\reports\legacy_script\screenshots\20260523_170528_after_click_login_button.png
2026-05-23 17:05:52 | INFO | 旧脚本执行结束，浏览器将自动关闭
2026-05-23 17:06:00 | INFO | 浏览器已关闭
